../Core/Src/main.c:99:5:main	8	static
../Core/Src/main.c:154:6:SystemClock_Config	120	static
../Core/Src/main.c:214:13:MX_ETH_Init	8	static
../Core/Src/main.c:263:13:MX_I2C1_Init	8	static
../Core/Src/main.c:311:13:MX_I2C2_Init	8	static
../Core/Src/main.c:359:13:MX_I2C4_Init	8	static
../Core/Src/main.c:407:13:MX_UART5_Init	8	static
../Core/Src/main.c:455:13:MX_USART3_UART_Init	8	static
../Core/Src/main.c:503:13:MX_USB_OTG_HS_USB_Init	4	static
../Core/Src/main.c:524:13:MX_GPIO_Init	64	static
../Core/Src/main.c:608:6:Error_Handler	4	static,ignoring_inline_asm
