../Core/Src/main.c:97:5:main	8	static
../Core/Src/main.c:147:6:SystemClock_Config	120	static
../Core/Src/main.c:207:13:MX_ETH_Init	8	static
../Core/Src/main.c:256:13:MX_I2C1_Init	8	static
../Core/Src/main.c:304:13:MX_I2C2_Init	8	static
../Core/Src/main.c:352:13:MX_I2C4_Init	8	static
../Core/Src/main.c:400:13:MX_USART3_UART_Init	8	static
../Core/Src/main.c:448:13:MX_USB_OTG_HS_USB_Init	4	static
../Core/Src/main.c:469:13:MX_GPIO_Init	64	static
../Core/Src/main.c:553:6:Error_Handler	4	static,ignoring_inline_asm
